array('DB_Roles', 'DB_Users', 'Adminer', 'Composer', 'DB_Doctrine')